// Jest Snapshot v1, https://goo.gl/fbAQLP

exports[`Document should render correctly 1`] = `
<p>
  loading...
</p>
`;
