// Jest Snapshot v1, https://goo.gl/fbAQLP

exports[`ContentWrapper should render correctly 1`] = `
<div
  className="content-wrapper"
>
  <section
    className="content"
  >
    <div
      key="mockKey"
    >
      mock
    </div>
  </section>
</div>
`;
