// Jest Snapshot v1, https://goo.gl/fbAQLP

exports[`MarkdownArea should render correctly 1`] = `
<div
  dangerouslySetInnerHTML={
    Object {
      "__html": "<p>mockStirng</p>
",
    }
  }
/>
`;
