// Jest Snapshot v1, https://goo.gl/fbAQLP

exports[`SortRow should render correctly 1`] = `
<div
  className="row"
>
  <div
    className="col-xs-9"
  >
     
  </div>
  <div
    className="col-xs-3"
  >
    <div
      className="form-group form-inline"
    >
      Trier par Â 
      <select
        className="form-control"
      >
        <option>
          Nouveau
        </option>
        <option>
          Populaire
        </option>
        <option>
          Mes contributions
        </option>
      </select>
    </div>
  </div>
</div>
`;
