// Jest Snapshot v1, https://goo.gl/fbAQLP

exports[`DocumentCounter should render correctly 1`] = `
<LikeCounter
  items={
    Array [
      "mockItem1",
      "mockItem2",
      "mockItem3",
    ]
  }
/>
`;
