// Jest Snapshot v1, https://goo.gl/fbAQLP

exports[`FadeInWrapper should render correctly 1`] = `
<styled.div
  visible={true}
/>
`;
